// Jest Snapshot v1, https://goo.gl/fbAQLP

exports[`Test for Header component should render header correctly 1`] = `
<header>
  <nav
    className="navbar"
  >
    <h3
      className="namedisplay"
    />
    <Link
      className="logo"
      to="/"
    >
      <li>
        <span>
          <i
            className="fab fa-bandcamp"
          />
        </span>
        <span>
          Home
        </span>
      </li>
    </Link>
    <ul
      className="header-links"
    />
  </nav>
</header>
`;
